Copyright 1986-2022 Xilinx, Inc. All Rights Reserved. Copyright 2022-2025 Advanced Micro Devices, Inc. All Rights Reserved.
---------------------------------------------------------------------------------------------------------------------------------------------
| Tool Version : Vivado v.2025.1 (win64) Build 6140274 Thu May 22 00:12:29 MDT 2025
| Date         : Thu Dec 11 18:32:15 2025
| Host         : DESKTOP-LU3UU9U running 64-bit major release  (build 9200)
| Command      : report_control_sets -verbose -file pokemon_control_sets_placed.rpt
| Design       : pokemon
| Device       : xc7a100t
---------------------------------------------------------------------------------------------------------------------------------------------

Control Set Information

Table of Contents
-----------------
1. Summary
2. Histogram
3. Flip-Flop Distribution
4. Detailed Control Set Information

1. Summary
----------

+----------------------------------------------------------+-------+
|                          Status                          | Count |
+----------------------------------------------------------+-------+
| Total control sets                                       |    34 |
|    Minimum number of control sets                        |    34 |
|    Addition due to synthesis replication                 |     0 |
|    Addition due to physical synthesis replication        |     0 |
| Unused register locations in slices containing registers |   100 |
+----------------------------------------------------------+-------+
* Control sets can be merged at opt_design using control_set_merge or merge_equivalent_drivers
** Run report_qor_suggestions for automated merging and remapping suggestions


2. Histogram
------------

+--------------------+-------+
|       Fanout       | Count |
+--------------------+-------+
| Total control sets |    34 |
| >= 0 to < 4        |     2 |
| >= 4 to < 6        |     4 |
| >= 6 to < 8        |    12 |
| >= 8 to < 10       |     2 |
| >= 10 to < 12      |     1 |
| >= 12 to < 14      |     1 |
| >= 14 to < 16      |     0 |
| >= 16              |    12 |
+--------------------+-------+
* Control sets can be remapped at either synth_design or opt_design


3. Flip-Flop Distribution
-------------------------

+--------------+-----------------------+------------------------+-----------------+--------------+
| Clock Enable | Synchronous Set/Reset | Asynchronous Set/Reset | Total Registers | Total Slices |
+--------------+-----------------------+------------------------+-----------------+--------------+
| No           | No                    | No                     |             167 |          105 |
| No           | No                    | Yes                    |               0 |            0 |
| No           | Yes                   | No                     |              51 |           35 |
| Yes          | No                    | No                     |              94 |           54 |
| Yes          | No                    | Yes                    |               0 |            0 |
| Yes          | Yes                   | No                     |             284 |           83 |
+--------------+-----------------------+------------------------+-----------------+--------------+


4. Detailed Control Set Information
-----------------------------------

+--------------------+-------------------------------------------+--------------------------------------------+------------------+----------------+--------------+
|    Clock Signal    |               Enable Signal               |              Set/Reset Signal              | Slice Load Count | Bel Load Count | Bels / Slice |
+--------------------+-------------------------------------------+--------------------------------------------+------------------+----------------+--------------+
|  u_clk/U0/clk_out1 |                                           | u_vga/hsync0                               |                1 |              1 |         1.00 |
|  u_clk/U0/clk_out1 |                                           | u_vga/vsync0                               |                1 |              1 |         1.00 |
|  u_clk/U0/clk_out1 | u_choose/FSM_onehot_sel_count[3]_i_1_n_0  |                                            |                2 |              4 |         2.00 |
|  u_clk/U0/clk_out1 | u_choose/cursor_idx                       |                                            |                1 |              4 |         4.00 |
|  u_clk/U0/clk_out1 | u_vga/eqOp                                |                                            |                2 |              5 |         2.50 |
|  u_clk/U0/clk_out1 | u_battle/enemy_hp[0][4]_i_1_n_0           |                                            |                4 |              5 |         1.25 |
|  u_clk/U0/clk_out1 | u_vga/eqOp                                | u_vga/v_cnt0                               |                2 |              6 |         3.00 |
|  u_clk/U0/clk_out1 | u_battle/enemy_hp_bar[0][6]_i_1_n_0       |                                            |                3 |              6 |         2.00 |
|  u_clk/U0/clk_out1 | u_battle/player_hp_bar[2][6]_i_1_n_0      |                                            |                3 |              7 |         2.33 |
|  u_clk/U0/clk_out1 | u_battle/player_hp_bar[1][6]_i_1_n_0      |                                            |                4 |              7 |         1.75 |
|  u_clk/U0/clk_out1 | u_battle/enemy_hp[2][6]_i_1_n_0           |                                            |                4 |              7 |         1.75 |
|  u_clk/U0/clk_out1 | u_battle/enemy_hp_bar[2][6]_i_1_n_0       |                                            |                4 |              7 |         1.75 |
|  u_clk/U0/clk_out1 | u_battle/enemy_hp_bar[1][6]_i_1_n_0       |                                            |                4 |              7 |         1.75 |
|  u_clk/U0/clk_out1 | u_battle/enemy_hp[1][6]_i_1_n_0           |                                            |                4 |              7 |         1.75 |
|  u_clk/U0/clk_out1 | u_battle/player_hp[0][6]_i_1_n_0          |                                            |                5 |              7 |         1.40 |
|  u_clk/U0/clk_out1 | u_battle/player_hp[1][6]_i_1_n_0          |                                            |                4 |              7 |         1.75 |
|  u_clk/U0/clk_out1 | u_battle/player_hp[2][6]_i_1_n_0          |                                            |                4 |              7 |         1.75 |
|  u_clk/U0/clk_out1 | u_battle/player_hp_bar[0][6]_i_1_n_0      |                                            |                6 |              7 |         1.17 |
|  u_clk/U0/clk_out1 | u_battle/player_faint_cnt                 | u_battle/player_hp[0]179_out               |                2 |              8 |         4.00 |
|  u_clk/U0/clk_out1 | u_battle/enemy_faint_cnt                  | u_battle/player_hp[0]179_out               |                4 |              8 |         2.00 |
|  u_clk/U0/clk_out1 |                                           | u_vga/clear                                |                5 |             11 |         2.20 |
|  u_clk/U0/clk_out1 |                                           | u_vga/red_out[3]_i_1_n_0                   |                9 |             12 |         1.33 |
|  u_clk/U0/clk_out1 | u_choose/E[0]                             | u_battle/player_faint_step_cnt[23]_i_1_n_0 |                6 |             24 |         4.00 |
|  u_clk/U0/clk_out1 | u_battle/enemy_faint_step_cnt[23]_i_2_n_0 | u_battle/enemy_faint_step_cnt[23]_i_1_n_0  |                5 |             24 |         4.80 |
|  u_clk/U0/clk_out1 |                                           | u_battle/player_hp[0]179_out               |               19 |             26 |         1.37 |
|  u_clk/U0/clk_out1 | u_battle/enemy_attack_cnt[25]_i_1_n_0     | u_battle/player_hp[0]179_out               |               11 |             26 |         2.36 |
|  u_clk/U0/clk_out1 | u_battle/enemy_damage_cnt[25]_i_1_n_0     | u_battle/player_hp[0]179_out               |                6 |             26 |         4.33 |
|  u_clk/U0/clk_out1 | u_battle/player_damage_cnt[25]_i_1_n_0    | u_battle/player_hp[0]179_out               |                5 |             26 |         5.20 |
|  u_clk/U0/clk_out1 | u_battle/player_attack_cnt[25]_i_1_n_0    | u_battle/player_hp[0]179_out               |                8 |             26 |         3.25 |
|  u_clk/U0/clk_out1 | u_battle/player_anim_cnt                  | u_battle/player_anim_cnt[26]_i_1_n_0       |                7 |             27 |         3.86 |
|  u_clk/U0/clk_out1 | u_battle/enemy_anim_cnt                   | u_battle/enemy_anim_cnt[26]_i_1_n_0        |                7 |             27 |         3.86 |
|  u_clk/U0/clk_out1 | u_battle/game_over_cnt[27]_i_1_n_0        | u_battle/player_hp[0]179_out               |                9 |             28 |         3.11 |
|  u_clk/U0/clk_out1 | u_battle/wait_cnt[27]_i_1_n_0             | u_battle/player_hp[0]179_out               |               11 |             28 |         2.55 |
|  u_clk/U0/clk_out1 |                                           |                                            |              105 |            167 |         1.59 |
+--------------------+-------------------------------------------+--------------------------------------------+------------------+----------------+--------------+


