#-----------------------------------------------------------
# Vivado v2025.1 (64-bit)
# SW Build 6140274 on Thu May 22 00:12:29 MDT 2025
# IP Build 6138677 on Thu May 22 03:10:11 MDT 2025
# SharedData Build 6139179 on Tue May 20 17:58:58 MDT 2025
# Start of session at: Thu Dec 11 18:37:52 2025
# Process ID         : 6824
# Current directory  : C:/Users/Seongjun An/pokemon/pokemon.runs/impl_1
# Command line       : vivado.exe -log pokemon.vdi -applog -product Vivado -messageDb vivado.pb -mode batch -source pokemon.tcl -notrace
# Log file           : C:/Users/Seongjun An/pokemon/pokemon.runs/impl_1/pokemon.vdi
# Journal file       : C:/Users/Seongjun An/pokemon/pokemon.runs/impl_1\vivado.jou
# Running On         : DESKTOP-LU3UU9U
# Platform           : Windows Server 2016 or Windows 10
# Operating System   : 26200
# Processor Detail   : 11th Gen Intel(R) Core(TM) i7-11850H @ 2.50GHz
# CPU Frequency      : 2496 MHz
# CPU Physical cores : 8
# CPU Logical cores  : 16
# Host memory        : 34069 MB
# Swap memory        : 2147 MB
# Total Virtual      : 36216 MB
# Available Virtual  : 20363 MB
#-----------------------------------------------------------
source pokemon.tcl -notrace
